Archive member included to satisfy reference by file (symbol)

c:/st/stm32cubeide_1.7.0/stm32cubeide/plugins/com.st.stm32cube.ide.mcu.externaltools.gnu-tools-for-stm32.9-2020-q2-update.win32_2.0.0.202105311346/tools/bin/../lib/gcc/arm-none-eabi/9.3.1/../../../../arm-none-eabi/lib/thumb/v7e-m+fp/hard\libc_nano.a(lib_a-exit.o)
                              c:/st/stm32cubeide_1.7.0/stm32cubeide/plugins/com.st.stm32cube.ide.mcu.externaltools.gnu-tools-for-stm32.9-2020-q2-update.win32_2.0.0.202105311346/tools/bin/../lib/gcc/arm-none-eabi/9.3.1/../../../../arm-none-eabi/lib/thumb/v7e-m+fp/hard/crt0.o (exit)
c:/st/stm32cubeide_1.7.0/stm32cubeide/plugins/com.st.stm32cube.ide.mcu.externaltools.gnu-tools-for-stm32.9-2020-q2-update.win32_2.0.0.202105311346/tools/bin/../lib/gcc/arm-none-eabi/9.3.1/../../../../arm-none-eabi/lib/thumb/v7e-m+fp/hard\libc_nano.a(lib_a-impure.o)
                              c:/st/stm32cubeide_1.7.0/stm32cubeide/plugins/com.st.stm32cube.ide.mcu.externaltools.gnu-tools-for-stm32.9-2020-q2-update.win32_2.0.0.202105311346/tools/bin/../lib/gcc/arm-none-eabi/9.3.1/../../../../arm-none-eabi/lib/thumb/v7e-m+fp/hard\libc_nano.a(lib_a-exit.o) (_global_impure_ptr)
c:/st/stm32cubeide_1.7.0/stm32cubeide/plugins/com.st.stm32cube.ide.mcu.externaltools.gnu-tools-for-stm32.9-2020-q2-update.win32_2.0.0.202105311346/tools/bin/../lib/gcc/arm-none-eabi/9.3.1/../../../../arm-none-eabi/lib/thumb/v7e-m+fp/hard\libc_nano.a(lib_a-init.o)
                              c:/st/stm32cubeide_1.7.0/stm32cubeide/plugins/com.st.stm32cube.ide.mcu.externaltools.gnu-tools-for-stm32.9-2020-q2-update.win32_2.0.0.202105311346/tools/bin/../lib/gcc/arm-none-eabi/9.3.1/../../../../arm-none-eabi/lib/thumb/v7e-m+fp/hard/crt0.o (__libc_init_array)
c:/st/stm32cubeide_1.7.0/stm32cubeide/plugins/com.st.stm32cube.ide.mcu.externaltools.gnu-tools-for-stm32.9-2020-q2-update.win32_2.0.0.202105311346/tools/bin/../lib/gcc/arm-none-eabi/9.3.1/../../../../arm-none-eabi/lib/thumb/v7e-m+fp/hard\libc_nano.a(lib_a-memset.o)
                              c:/st/stm32cubeide_1.7.0/stm32cubeide/plugins/com.st.stm32cube.ide.mcu.externaltools.gnu-tools-for-stm32.9-2020-q2-update.win32_2.0.0.202105311346/tools/bin/../lib/gcc/arm-none-eabi/9.3.1/../../../../arm-none-eabi/lib/thumb/v7e-m+fp/hard/crt0.o (memset)
c:/st/stm32cubeide_1.7.0/stm32cubeide/plugins/com.st.stm32cube.ide.mcu.externaltools.gnu-tools-for-stm32.9-2020-q2-update.win32_2.0.0.202105311346/tools/bin/../lib/gcc/arm-none-eabi/9.3.1/../../../../arm-none-eabi/lib/thumb/v7e-m+fp/hard\libnosys.a(_exit.o)
                              c:/st/stm32cubeide_1.7.0/stm32cubeide/plugins/com.st.stm32cube.ide.mcu.externaltools.gnu-tools-for-stm32.9-2020-q2-update.win32_2.0.0.202105311346/tools/bin/../lib/gcc/arm-none-eabi/9.3.1/../../../../arm-none-eabi/lib/thumb/v7e-m+fp/hard\libc_nano.a(lib_a-exit.o) (_exit)

Allocating common symbols
Common symbol       size              file

key_value           0x1               ./Core/Src/Keypad.o

Discarded input sections

 .text          0x0000000000000000        0x0 c:/st/stm32cubeide_1.7.0/stm32cubeide/plugins/com.st.stm32cube.ide.mcu.externaltools.gnu-tools-for-stm32.9-2020-q2-update.win32_2.0.0.202105311346/tools/bin/../lib/gcc/arm-none-eabi/9.3.1/thumb/v7e-m+fp/hard/crti.o
 .data          0x0000000000000000        0x0 c:/st/stm32cubeide_1.7.0/stm32cubeide/plugins/com.st.stm32cube.ide.mcu.externaltools.gnu-tools-for-stm32.9-2020-q2-update.win32_2.0.0.202105311346/tools/bin/../lib/gcc/arm-none-eabi/9.3.1/thumb/v7e-m+fp/hard/crti.o
 .bss           0x0000000000000000        0x0 c:/st/stm32cubeide_1.7.0/stm32cubeide/plugins/com.st.stm32cube.ide.mcu.externaltools.gnu-tools-for-stm32.9-2020-q2-update.win32_2.0.0.202105311346/tools/bin/../lib/gcc/arm-none-eabi/9.3.1/thumb/v7e-m+fp/hard/crti.o
 .data          0x0000000000000000        0x4 c:/st/stm32cubeide_1.7.0/stm32cubeide/plugins/com.st.stm32cube.ide.mcu.externaltools.gnu-tools-for-stm32.9-2020-q2-update.win32_2.0.0.202105311346/tools/bin/../lib/gcc/arm-none-eabi/9.3.1/thumb/v7e-m+fp/hard/crtbegin.o
 .text          0x0000000000000000       0x7c c:/st/stm32cubeide_1.7.0/stm32cubeide/plugins/com.st.stm32cube.ide.mcu.externaltools.gnu-tools-for-stm32.9-2020-q2-update.win32_2.0.0.202105311346/tools/bin/../lib/gcc/arm-none-eabi/9.3.1/../../../../arm-none-eabi/lib/thumb/v7e-m+fp/hard/crt0.o
 .data          0x0000000000000000        0x0 c:/st/stm32cubeide_1.7.0/stm32cubeide/plugins/com.st.stm32cube.ide.mcu.externaltools.gnu-tools-for-stm32.9-2020-q2-update.win32_2.0.0.202105311346/tools/bin/../lib/gcc/arm-none-eabi/9.3.1/../../../../arm-none-eabi/lib/thumb/v7e-m+fp/hard/crt0.o
 .bss           0x0000000000000000        0x0 c:/st/stm32cubeide_1.7.0/stm32cubeide/plugins/com.st.stm32cube.ide.mcu.externaltools.gnu-tools-for-stm32.9-2020-q2-update.win32_2.0.0.202105311346/tools/bin/../lib/gcc/arm-none-eabi/9.3.1/../../../../arm-none-eabi/lib/thumb/v7e-m+fp/hard/crt0.o
 .ARM.extab     0x0000000000000000        0x0 c:/st/stm32cubeide_1.7.0/stm32cubeide/plugins/com.st.stm32cube.ide.mcu.externaltools.gnu-tools-for-stm32.9-2020-q2-update.win32_2.0.0.202105311346/tools/bin/../lib/gcc/arm-none-eabi/9.3.1/../../../../arm-none-eabi/lib/thumb/v7e-m+fp/hard/crt0.o
 .ARM.exidx     0x0000000000000000       0x10 c:/st/stm32cubeide_1.7.0/stm32cubeide/plugins/com.st.stm32cube.ide.mcu.externaltools.gnu-tools-for-stm32.9-2020-q2-update.win32_2.0.0.202105311346/tools/bin/../lib/gcc/arm-none-eabi/9.3.1/../../../../arm-none-eabi/lib/thumb/v7e-m+fp/hard/crt0.o
 .ARM.attributes
                0x0000000000000000       0x1c c:/st/stm32cubeide_1.7.0/stm32cubeide/plugins/com.st.stm32cube.ide.mcu.externaltools.gnu-tools-for-stm32.9-2020-q2-update.win32_2.0.0.202105311346/tools/bin/../lib/gcc/arm-none-eabi/9.3.1/../../../../arm-none-eabi/lib/thumb/v7e-m+fp/hard/crt0.o
 .group         0x0000000000000000        0xc ./Core/Src/GPIO.o
 .group         0x0000000000000000        0xc ./Core/Src/GPIO.o
 .group         0x0000000000000000        0xc ./Core/Src/GPIO.o
 .group         0x0000000000000000        0xc ./Core/Src/GPIO.o
 .group         0x0000000000000000        0xc ./Core/Src/GPIO.o
 .group         0x0000000000000000        0xc ./Core/Src/GPIO.o
 .group         0x0000000000000000        0xc ./Core/Src/GPIO.o
 .group         0x0000000000000000        0xc ./Core/Src/GPIO.o
 .group         0x0000000000000000        0xc ./Core/Src/GPIO.o
 .group         0x0000000000000000        0xc ./Core/Src/GPIO.o
 .group         0x0000000000000000        0xc ./Core/Src/GPIO.o
 .group         0x0000000000000000        0xc ./Core/Src/GPIO.o
 .group         0x0000000000000000        0xc ./Core/Src/GPIO.o
 .group         0x0000000000000000        0xc ./Core/Src/GPIO.o
 .group         0x0000000000000000        0xc ./Core/Src/GPIO.o
 .group         0x0000000000000000        0xc ./Core/Src/GPIO.o
 .text          0x0000000000000000        0x0 ./Core/Src/GPIO.o
 .data          0x0000000000000000        0x0 ./Core/Src/GPIO.o
 .bss           0x0000000000000000        0x0 ./Core/Src/GPIO.o
 .group         0x0000000000000000        0xc ./Core/Src/Keypad.o
 .group         0x0000000000000000        0xc ./Core/Src/Keypad.o
 .group         0x0000000000000000        0xc ./Core/Src/Keypad.o
 .group         0x0000000000000000        0xc ./Core/Src/Keypad.o
 .group         0x0000000000000000        0xc ./Core/Src/Keypad.o
 .group         0x0000000000000000        0xc ./Core/Src/Keypad.o
 .group         0x0000000000000000        0xc ./Core/Src/Keypad.o
 .group         0x0000000000000000        0xc ./Core/Src/Keypad.o
 .group         0x0000000000000000        0xc ./Core/Src/Keypad.o
 .group         0x0000000000000000        0xc ./Core/Src/Keypad.o
 .group         0x0000000000000000        0xc ./Core/Src/Keypad.o
 .group         0x0000000000000000        0xc ./Core/Src/Keypad.o
 .group         0x0000000000000000        0xc ./Core/Src/Keypad.o
 .group         0x0000000000000000        0xc ./Core/Src/Keypad.o
 .group         0x0000000000000000        0xc ./Core/Src/Keypad.o
 .text          0x0000000000000000        0x0 ./Core/Src/Keypad.o
 .data          0x0000000000000000        0x0 ./Core/Src/Keypad.o
 .bss           0x0000000000000000        0x0 ./Core/Src/Keypad.o
 .text.keypad_getkey
                0x0000000000000000       0x18 ./Core/Src/Keypad.o
 .debug_macro   0x0000000000000000      0xaa2 ./Core/Src/Keypad.o
 .debug_macro   0x0000000000000000       0x28 ./Core/Src/Keypad.o
 .debug_macro   0x0000000000000000       0x22 ./Core/Src/Keypad.o
 .debug_macro   0x0000000000000000       0x8e ./Core/Src/Keypad.o
 .debug_macro   0x0000000000000000       0x51 ./Core/Src/Keypad.o
 .debug_macro   0x0000000000000000      0x103 ./Core/Src/Keypad.o
 .debug_macro   0x0000000000000000       0x6a ./Core/Src/Keypad.o
 .debug_macro   0x0000000000000000      0x1df ./Core/Src/Keypad.o
 .debug_macro   0x0000000000000000       0x1c ./Core/Src/Keypad.o
 .debug_macro   0x0000000000000000       0x22 ./Core/Src/Keypad.o
 .debug_macro   0x0000000000000000       0xdf ./Core/Src/Keypad.o
 .debug_macro   0x0000000000000000     0x102d ./Core/Src/Keypad.o
 .debug_macro   0x0000000000000000      0x11f ./Core/Src/Keypad.o
 .debug_macro   0x0000000000000000     0xb86c ./Core/Src/Keypad.o
 .debug_macro   0x0000000000000000       0x46 ./Core/Src/Keypad.o
 .group         0x0000000000000000        0xc ./Core/Src/main.o
 .group         0x0000000000000000        0xc ./Core/Src/main.o
 .group         0x0000000000000000        0xc ./Core/Src/main.o
 .group         0x0000000000000000        0xc ./Core/Src/main.o
 .group         0x0000000000000000        0xc ./Core/Src/main.o
 .group         0x0000000000000000        0xc ./Core/Src/main.o
 .group         0x0000000000000000        0xc ./Core/Src/main.o
 .group         0x0000000000000000        0xc ./Core/Src/main.o
 .group         0x0000000000000000        0xc ./Core/Src/main.o
 .group         0x0000000000000000        0xc ./Core/Src/main.o
 .group         0x0000000000000000        0xc ./Core/Src/main.o
 .group         0x0000000000000000        0xc ./Core/Src/main.o
 .group         0x0000000000000000        0xc ./Core/Src/main.o
 .group         0x0000000000000000        0xc ./Core/Src/main.o
 .group         0x0000000000000000        0xc ./Core/Src/main.o
 .text          0x0000000000000000        0x0 ./Core/Src/main.o
 .data          0x0000000000000000        0x0 ./Core/Src/main.o
 .bss           0x0000000000000000        0x0 ./Core/Src/main.o
 .debug_macro   0x0000000000000000      0xaa2 ./Core/Src/main.o
 .debug_macro   0x0000000000000000       0x28 ./Core/Src/main.o
 .debug_macro   0x0000000000000000       0x22 ./Core/Src/main.o
 .debug_macro   0x0000000000000000       0x8e ./Core/Src/main.o
 .debug_macro   0x0000000000000000       0x51 ./Core/Src/main.o
 .debug_macro   0x0000000000000000      0x103 ./Core/Src/main.o
 .debug_macro   0x0000000000000000       0x6a ./Core/Src/main.o
 .debug_macro   0x0000000000000000      0x1df ./Core/Src/main.o
 .debug_macro   0x0000000000000000       0x1c ./Core/Src/main.o
 .debug_macro   0x0000000000000000       0x22 ./Core/Src/main.o
 .debug_macro   0x0000000000000000       0xdf ./Core/Src/main.o
 .debug_macro   0x0000000000000000     0x102d ./Core/Src/main.o
 .debug_macro   0x0000000000000000      0x11f ./Core/Src/main.o
 .debug_macro   0x0000000000000000     0xb86c ./Core/Src/main.o
 .debug_macro   0x0000000000000000       0x46 ./Core/Src/main.o
 .group         0x0000000000000000        0xc ./Core/Src/system_stm32f4xx.o
 .group         0x0000000000000000        0xc ./Core/Src/system_stm32f4xx.o
 .group         0x0000000000000000        0xc ./Core/Src/system_stm32f4xx.o
 .group         0x0000000000000000        0xc ./Core/Src/system_stm32f4xx.o
 .group         0x0000000000000000        0xc ./Core/Src/system_stm32f4xx.o
 .group         0x0000000000000000        0xc ./Core/Src/system_stm32f4xx.o
 .group         0x0000000000000000        0xc ./Core/Src/system_stm32f4xx.o
 .group         0x0000000000000000        0xc ./Core/Src/system_stm32f4xx.o
 .group         0x0000000000000000        0xc ./Core/Src/system_stm32f4xx.o
 .group         0x0000000000000000        0xc ./Core/Src/system_stm32f4xx.o
 .group         0x0000000000000000        0xc ./Core/Src/system_stm32f4xx.o
 .group         0x0000000000000000        0xc ./Core/Src/system_stm32f4xx.o
 .group         0x0000000000000000        0xc ./Core/Src/system_stm32f4xx.o
 .group         0x0000000000000000        0xc ./Core/Src/system_stm32f4xx.o
 .group         0x0000000000000000        0xc ./Core/Src/system_stm32f4xx.o
 .group         0x0000000000000000        0xc ./Core/Src/system_stm32f4xx.o
 .text          0x0000000000000000        0x0 ./Core/Src/system_stm32f4xx.o
 .data          0x0000000000000000        0x0 ./Core/Src/system_stm32f4xx.o
 .bss           0x0000000000000000        0x0 ./Core/Src/system_stm32f4xx.o
 .data.SystemCoreClock
                0x0000000000000000        0x4 ./Core/Src/system_stm32f4xx.o
 .rodata.AHBPrescTable
                0x0000000000000000       0x10 ./Core/Src/system_stm32f4xx.o
 .rodata.APBPrescTable
                0x0000000000000000        0x8 ./Core/Src/system_stm32f4xx.o
 .text.SystemCoreClockUpdate
                0x0000000000000000      0x100 ./Core/Src/system_stm32f4xx.o
 .debug_macro   0x0000000000000000      0xaa2 ./Core/Src/system_stm32f4xx.o
 .debug_macro   0x0000000000000000       0x28 ./Core/Src/system_stm32f4xx.o
 .debug_macro   0x0000000000000000       0x22 ./Core/Src/system_stm32f4xx.o
 .debug_macro   0x0000000000000000       0x8e ./Core/Src/system_stm32f4xx.o
 .debug_macro   0x0000000000000000       0x51 ./Core/Src/system_stm32f4xx.o
 .debug_macro   0x0000000000000000      0x103 ./Core/Src/system_stm32f4xx.o
 .debug_macro   0x0000000000000000       0x6a ./Core/Src/system_stm32f4xx.o
 .debug_macro   0x0000000000000000      0x1df ./Core/Src/system_stm32f4xx.o
 .debug_macro   0x0000000000000000       0x1c ./Core/Src/system_stm32f4xx.o
 .debug_macro   0x0000000000000000       0x22 ./Core/Src/system_stm32f4xx.o
 .debug_macro   0x0000000000000000       0xdf ./Core/Src/system_stm32f4xx.o
 .debug_macro   0x0000000000000000     0x102d ./Core/Src/system_stm32f4xx.o
 .debug_macro   0x0000000000000000      0x11f ./Core/Src/system_stm32f4xx.o
 .debug_macro   0x0000000000000000     0xb86c ./Core/Src/system_stm32f4xx.o
 .text          0x0000000000000000       0x14 ./Core/Startup/startup_stm32f401ccux.o
 .data          0x0000000000000000        0x0 ./Core/Startup/startup_stm32f401ccux.o
 .bss           0x0000000000000000        0x0 ./Core/Startup/startup_stm32f401ccux.o
 .text          0x0000000000000000        0x0 c:/st/stm32cubeide_1.7.0/stm32cubeide/plugins/com.st.stm32cube.ide.mcu.externaltools.gnu-tools-for-stm32.9-2020-q2-update.win32_2.0.0.202105311346/tools/bin/../lib/gcc/arm-none-eabi/9.3.1/../../../../arm-none-eabi/lib/thumb/v7e-m+fp/hard\libc_nano.a(lib_a-exit.o)
 .data          0x0000000000000000        0x0 c:/st/stm32cubeide_1.7.0/stm32cubeide/plugins/com.st.stm32cube.ide.mcu.externaltools.gnu-tools-for-stm32.9-2020-q2-update.win32_2.0.0.202105311346/tools/bin/../lib/gcc/arm-none-eabi/9.3.1/../../../../arm-none-eabi/lib/thumb/v7e-m+fp/hard\libc_nano.a(lib_a-exit.o)
 .bss           0x0000000000000000        0x0 c:/st/stm32cubeide_1.7.0/stm32cubeide/plugins/com.st.stm32cube.ide.mcu.externaltools.gnu-tools-for-stm32.9-2020-q2-update.win32_2.0.0.202105311346/tools/bin/../lib/gcc/arm-none-eabi/9.3.1/../../../../arm-none-eabi/lib/thumb/v7e-m+fp/hard\libc_nano.a(lib_a-exit.o)
 .text.exit     0x0000000000000000       0x28 c:/st/stm32cubeide_1.7.0/stm32cubeide/plugins/com.st.stm32cube.ide.mcu.externaltools.gnu-tools-for-stm32.9-2020-q2-update.win32_2.0.0.202105311346/tools/bin/../lib/gcc/arm-none-eabi/9.3.1/../../../../arm-none-eabi/lib/thumb/v7e-m+fp/hard\libc_nano.a(lib_a-exit.o)
 .debug_frame   0x0000000000000000       0x28 c:/st/stm32cubeide_1.7.0/stm32cubeide/plugins/com.st.stm32cube.ide.mcu.externaltools.gnu-tools-for-stm32.9-2020-q2-update.win32_2.0.0.202105311346/tools/bin/../lib/gcc/arm-none-eabi/9.3.1/../../../../arm-none-eabi/lib/thumb/v7e-m+fp/hard\libc_nano.a(lib_a-exit.o)
 .ARM.attributes
                0x0000000000000000       0x34 c:/st/stm32cubeide_1.7.0/stm32cubeide/plugins/com.st.stm32cube.ide.mcu.externaltools.gnu-tools-for-stm32.9-2020-q2-update.win32_2.0.0.202105311346/tools/bin/../lib/gcc/arm-none-eabi/9.3.1/../../../../arm-none-eabi/lib/thumb/v7e-m+fp/hard\libc_nano.a(lib_a-exit.o)
 .text          0x0000000000000000        0x0 c:/st/stm32cubeide_1.7.0/stm32cubeide/plugins/com.st.stm32cube.ide.mcu.externaltools.gnu-tools-for-stm32.9-2020-q2-update.win32_2.0.0.202105311346/tools/bin/../lib/gcc/arm-none-eabi/9.3.1/../../../../arm-none-eabi/lib/thumb/v7e-m+fp/hard\libc_nano.a(lib_a-impure.o)
 .data          0x0000000000000000        0x0 c:/st/stm32cubeide_1.7.0/stm32cubeide/plugins/com.st.stm32cube.ide.mcu.externaltools.gnu-tools-for-stm32.9-2020-q2-update.win32_2.0.0.202105311346/tools/bin/../lib/gcc/arm-none-eabi/9.3.1/../../../../arm-none-eabi/lib/thumb/v7e-m+fp/hard\libc_nano.a(lib_a-impure.o)
 .bss           0x0000000000000000        0x0 c:/st/stm32cubeide_1.7.0/stm32cubeide/plugins/com.st.stm32cube.ide.mcu.externaltools.gnu-tools-for-stm32.9-2020-q2-update.win32_2.0.0.202105311346/tools/bin/../lib/gcc/arm-none-eabi/9.3.1/../../../../arm-none-eabi/lib/thumb/v7e-m+fp/hard\libc_nano.a(lib_a-impure.o)
 .data._impure_ptr
                0x0000000000000000        0x4 c:/st/stm32cubeide_1.7.0/stm32cubeide/plugins/com.st.stm32cube.ide.mcu.externaltools.gnu-tools-for-stm32.9-2020-q2-update.win32_2.0.0.202105311346/tools/bin/../lib/gcc/arm-none-eabi/9.3.1/../../../../arm-none-eabi/lib/thumb/v7e-m+fp/hard\libc_nano.a(lib_a-impure.o)
 .data.impure_data
                0x0000000000000000       0x60 c:/st/stm32cubeide_1.7.0/stm32cubeide/plugins/com.st.stm32cube.ide.mcu.externaltools.gnu-tools-for-stm32.9-2020-q2-update.win32_2.0.0.202105311346/tools/bin/../lib/gcc/arm-none-eabi/9.3.1/../../../../arm-none-eabi/lib/thumb/v7e-m+fp/hard\libc_nano.a(lib_a-impure.o)
 .rodata._global_impure_ptr
                0x0000000000000000        0x4 c:/st/stm32cubeide_1.7.0/stm32cubeide/plugins/com.st.stm32cube.ide.mcu.externaltools.gnu-tools-for-stm32.9-2020-q2-update.win32_2.0.0.202105311346/tools/bin/../lib/gcc/arm-none-eabi/9.3.1/../../../../arm-none-eabi/lib/thumb/v7e-m+fp/hard\libc_nano.a(lib_a-impure.o)
 .ARM.attributes
                0x0000000000000000       0x32 c:/st/stm32cubeide_1.7.0/stm32cubeide/plugins/com.st.stm32cube.ide.mcu.externaltools.gnu-tools-for-stm32.9-2020-q2-update.win32_2.0.0.202105311346/tools/bin/../lib/gcc/arm-none-eabi/9.3.1/../../../../arm-none-eabi/lib/thumb/v7e-m+fp/hard\libc_nano.a(lib_a-impure.o)
 .text          0x0000000000000000        0x0 c:/st/stm32cubeide_1.7.0/stm32cubeide/plugins/com.st.stm32cube.ide.mcu.externaltools.gnu-tools-for-stm32.9-2020-q2-update.win32_2.0.0.202105311346/tools/bin/../lib/gcc/arm-none-eabi/9.3.1/../../../../arm-none-eabi/lib/thumb/v7e-m+fp/hard\libc_nano.a(lib_a-init.o)
 .data          0x0000000000000000        0x0 c:/st/stm32cubeide_1.7.0/stm32cubeide/plugins/com.st.stm32cube.ide.mcu.externaltools.gnu-tools-for-stm32.9-2020-q2-update.win32_2.0.0.202105311346/tools/bin/../lib/gcc/arm-none-eabi/9.3.1/../../../../arm-none-eabi/lib/thumb/v7e-m+fp/hard\libc_nano.a(lib_a-init.o)
 .bss           0x0000000000000000        0x0 c:/st/stm32cubeide_1.7.0/stm32cubeide/plugins/com.st.stm32cube.ide.mcu.externaltools.gnu-tools-for-stm32.9-2020-q2-update.win32_2.0.0.202105311346/tools/bin/../lib/gcc/arm-none-eabi/9.3.1/../../../../arm-none-eabi/lib/thumb/v7e-m+fp/hard\libc_nano.a(lib_a-init.o)
 .text          0x0000000000000000        0x0 c:/st/stm32cubeide_1.7.0/stm32cubeide/plugins/com.st.stm32cube.ide.mcu.externaltools.gnu-tools-for-stm32.9-2020-q2-update.win32_2.0.0.202105311346/tools/bin/../lib/gcc/arm-none-eabi/9.3.1/../../../../arm-none-eabi/lib/thumb/v7e-m+fp/hard\libc_nano.a(lib_a-memset.o)
 .data          0x0000000000000000        0x0 c:/st/stm32cubeide_1.7.0/stm32cubeide/plugins/com.st.stm32cube.ide.mcu.externaltools.gnu-tools-for-stm32.9-2020-q2-update.win32_2.0.0.202105311346/tools/bin/../lib/gcc/arm-none-eabi/9.3.1/../../../../arm-none-eabi/lib/thumb/v7e-m+fp/hard\libc_nano.a(lib_a-memset.o)
 .bss           0x0000000000000000        0x0 c:/st/stm32cubeide_1.7.0/stm32cubeide/plugins/com.st.stm32cube.ide.mcu.externaltools.gnu-tools-for-stm32.9-2020-q2-update.win32_2.0.0.202105311346/tools/bin/../lib/gcc/arm-none-eabi/9.3.1/../../../../arm-none-eabi/lib/thumb/v7e-m+fp/hard\libc_nano.a(lib_a-memset.o)
 .text.memset   0x0000000000000000       0x10 c:/st/stm32cubeide_1.7.0/stm32cubeide/plugins/com.st.stm32cube.ide.mcu.externaltools.gnu-tools-for-stm32.9-2020-q2-update.win32_2.0.0.202105311346/tools/bin/../lib/gcc/arm-none-eabi/9.3.1/../../../../arm-none-eabi/lib/thumb/v7e-m+fp/hard\libc_nano.a(lib_a-memset.o)
 .debug_frame   0x0000000000000000       0x20 c:/st/stm32cubeide_1.7.0/stm32cubeide/plugins/com.st.stm32cube.ide.mcu.externaltools.gnu-tools-for-stm32.9-2020-q2-update.win32_2.0.0.202105311346/tools/bin/../lib/gcc/arm-none-eabi/9.3.1/../../../../arm-none-eabi/lib/thumb/v7e-m+fp/hard\libc_nano.a(lib_a-memset.o)
 .ARM.attributes
                0x0000000000000000       0x34 c:/st/stm32cubeide_1.7.0/stm32cubeide/plugins/com.st.stm32cube.ide.mcu.externaltools.gnu-tools-for-stm32.9-2020-q2-update.win32_2.0.0.202105311346/tools/bin/../lib/gcc/arm-none-eabi/9.3.1/../../../../arm-none-eabi/lib/thumb/v7e-m+fp/hard\libc_nano.a(lib_a-memset.o)
 .text          0x0000000000000000        0x0 c:/st/stm32cubeide_1.7.0/stm32cubeide/plugins/com.st.stm32cube.ide.mcu.externaltools.gnu-tools-for-stm32.9-2020-q2-update.win32_2.0.0.202105311346/tools/bin/../lib/gcc/arm-none-eabi/9.3.1/../../../../arm-none-eabi/lib/thumb/v7e-m+fp/hard\libnosys.a(_exit.o)
 .data          0x0000000000000000        0x0 c:/st/stm32cubeide_1.7.0/stm32cubeide/plugins/com.st.stm32cube.ide.mcu.externaltools.gnu-tools-for-stm32.9-2020-q2-update.win32_2.0.0.202105311346/tools/bin/../lib/gcc/arm-none-eabi/9.3.1/../../../../arm-none-eabi/lib/thumb/v7e-m+fp/hard\libnosys.a(_exit.o)
 .bss           0x0000000000000000        0x0 c:/st/stm32cubeide_1.7.0/stm32cubeide/plugins/com.st.stm32cube.ide.mcu.externaltools.gnu-tools-for-stm32.9-2020-q2-update.win32_2.0.0.202105311346/tools/bin/../lib/gcc/arm-none-eabi/9.3.1/../../../../arm-none-eabi/lib/thumb/v7e-m+fp/hard\libnosys.a(_exit.o)
 .text._exit    0x0000000000000000        0x2 c:/st/stm32cubeide_1.7.0/stm32cubeide/plugins/com.st.stm32cube.ide.mcu.externaltools.gnu-tools-for-stm32.9-2020-q2-update.win32_2.0.0.202105311346/tools/bin/../lib/gcc/arm-none-eabi/9.3.1/../../../../arm-none-eabi/lib/thumb/v7e-m+fp/hard\libnosys.a(_exit.o)
 .debug_frame   0x0000000000000000       0x20 c:/st/stm32cubeide_1.7.0/stm32cubeide/plugins/com.st.stm32cube.ide.mcu.externaltools.gnu-tools-for-stm32.9-2020-q2-update.win32_2.0.0.202105311346/tools/bin/../lib/gcc/arm-none-eabi/9.3.1/../../../../arm-none-eabi/lib/thumb/v7e-m+fp/hard\libnosys.a(_exit.o)
 .ARM.attributes
                0x0000000000000000       0x34 c:/st/stm32cubeide_1.7.0/stm32cubeide/plugins/com.st.stm32cube.ide.mcu.externaltools.gnu-tools-for-stm32.9-2020-q2-update.win32_2.0.0.202105311346/tools/bin/../lib/gcc/arm-none-eabi/9.3.1/../../../../arm-none-eabi/lib/thumb/v7e-m+fp/hard\libnosys.a(_exit.o)
 .text          0x0000000000000000        0x0 c:/st/stm32cubeide_1.7.0/stm32cubeide/plugins/com.st.stm32cube.ide.mcu.externaltools.gnu-tools-for-stm32.9-2020-q2-update.win32_2.0.0.202105311346/tools/bin/../lib/gcc/arm-none-eabi/9.3.1/thumb/v7e-m+fp/hard/crtend.o
 .data          0x0000000000000000        0x0 c:/st/stm32cubeide_1.7.0/stm32cubeide/plugins/com.st.stm32cube.ide.mcu.externaltools.gnu-tools-for-stm32.9-2020-q2-update.win32_2.0.0.202105311346/tools/bin/../lib/gcc/arm-none-eabi/9.3.1/thumb/v7e-m+fp/hard/crtend.o
 .bss           0x0000000000000000        0x0 c:/st/stm32cubeide_1.7.0/stm32cubeide/plugins/com.st.stm32cube.ide.mcu.externaltools.gnu-tools-for-stm32.9-2020-q2-update.win32_2.0.0.202105311346/tools/bin/../lib/gcc/arm-none-eabi/9.3.1/thumb/v7e-m+fp/hard/crtend.o
 .eh_frame      0x0000000000000000        0x4 c:/st/stm32cubeide_1.7.0/stm32cubeide/plugins/com.st.stm32cube.ide.mcu.externaltools.gnu-tools-for-stm32.9-2020-q2-update.win32_2.0.0.202105311346/tools/bin/../lib/gcc/arm-none-eabi/9.3.1/thumb/v7e-m+fp/hard/crtend.o
 .ARM.attributes
                0x0000000000000000       0x32 c:/st/stm32cubeide_1.7.0/stm32cubeide/plugins/com.st.stm32cube.ide.mcu.externaltools.gnu-tools-for-stm32.9-2020-q2-update.win32_2.0.0.202105311346/tools/bin/../lib/gcc/arm-none-eabi/9.3.1/thumb/v7e-m+fp/hard/crtend.o
 .text          0x0000000000000000        0x0 c:/st/stm32cubeide_1.7.0/stm32cubeide/plugins/com.st.stm32cube.ide.mcu.externaltools.gnu-tools-for-stm32.9-2020-q2-update.win32_2.0.0.202105311346/tools/bin/../lib/gcc/arm-none-eabi/9.3.1/thumb/v7e-m+fp/hard/crtn.o
 .data          0x0000000000000000        0x0 c:/st/stm32cubeide_1.7.0/stm32cubeide/plugins/com.st.stm32cube.ide.mcu.externaltools.gnu-tools-for-stm32.9-2020-q2-update.win32_2.0.0.202105311346/tools/bin/../lib/gcc/arm-none-eabi/9.3.1/thumb/v7e-m+fp/hard/crtn.o
 .bss           0x0000000000000000        0x0 c:/st/stm32cubeide_1.7.0/stm32cubeide/plugins/com.st.stm32cube.ide.mcu.externaltools.gnu-tools-for-stm32.9-2020-q2-update.win32_2.0.0.202105311346/tools/bin/../lib/gcc/arm-none-eabi/9.3.1/thumb/v7e-m+fp/hard/crtn.o

Memory Configuration

Name             Origin             Length             Attributes
RAM              0x0000000020000000 0x0000000000010000 xrw
FLASH            0x0000000008000000 0x0000000000040000 xr
*default*        0x0000000000000000 0xffffffffffffffff

Linker script and memory map

LOAD c:/st/stm32cubeide_1.7.0/stm32cubeide/plugins/com.st.stm32cube.ide.mcu.externaltools.gnu-tools-for-stm32.9-2020-q2-update.win32_2.0.0.202105311346/tools/bin/../lib/gcc/arm-none-eabi/9.3.1/thumb/v7e-m+fp/hard/crti.o
LOAD c:/st/stm32cubeide_1.7.0/stm32cubeide/plugins/com.st.stm32cube.ide.mcu.externaltools.gnu-tools-for-stm32.9-2020-q2-update.win32_2.0.0.202105311346/tools/bin/../lib/gcc/arm-none-eabi/9.3.1/thumb/v7e-m+fp/hard/crtbegin.o
LOAD c:/st/stm32cubeide_1.7.0/stm32cubeide/plugins/com.st.stm32cube.ide.mcu.externaltools.gnu-tools-for-stm32.9-2020-q2-update.win32_2.0.0.202105311346/tools/bin/../lib/gcc/arm-none-eabi/9.3.1/../../../../arm-none-eabi/lib/thumb/v7e-m+fp/hard/crt0.o
LOAD ./Core/Src/GPIO.o
LOAD ./Core/Src/Keypad.o
LOAD ./Core/Src/main.o
LOAD ./Core/Src/system_stm32f4xx.o
LOAD ./Core/Startup/startup_stm32f401ccux.o
START GROUP
LOAD c:/st/stm32cubeide_1.7.0/stm32cubeide/plugins/com.st.stm32cube.ide.mcu.externaltools.gnu-tools-for-stm32.9-2020-q2-update.win32_2.0.0.202105311346/tools/bin/../lib/gcc/arm-none-eabi/9.3.1/../../../../arm-none-eabi/lib/thumb/v7e-m+fp/hard\libc_nano.a
LOAD c:/st/stm32cubeide_1.7.0/stm32cubeide/plugins/com.st.stm32cube.ide.mcu.externaltools.gnu-tools-for-stm32.9-2020-q2-update.win32_2.0.0.202105311346/tools/bin/../lib/gcc/arm-none-eabi/9.3.1/../../../../arm-none-eabi/lib/thumb/v7e-m+fp/hard\libm.a
END GROUP
START GROUP
LOAD c:/st/stm32cubeide_1.7.0/stm32cubeide/plugins/com.st.stm32cube.ide.mcu.externaltools.gnu-tools-for-stm32.9-2020-q2-update.win32_2.0.0.202105311346/tools/bin/../lib/gcc/arm-none-eabi/9.3.1/thumb/v7e-m+fp/hard\libgcc.a
LOAD c:/st/stm32cubeide_1.7.0/stm32cubeide/plugins/com.st.stm32cube.ide.mcu.externaltools.gnu-tools-for-stm32.9-2020-q2-update.win32_2.0.0.202105311346/tools/bin/../lib/gcc/arm-none-eabi/9.3.1/../../../../arm-none-eabi/lib/thumb/v7e-m+fp/hard\libc_nano.a
END GROUP
START GROUP
LOAD c:/st/stm32cubeide_1.7.0/stm32cubeide/plugins/com.st.stm32cube.ide.mcu.externaltools.gnu-tools-for-stm32.9-2020-q2-update.win32_2.0.0.202105311346/tools/bin/../lib/gcc/arm-none-eabi/9.3.1/thumb/v7e-m+fp/hard\libgcc.a
LOAD c:/st/stm32cubeide_1.7.0/stm32cubeide/plugins/com.st.stm32cube.ide.mcu.externaltools.gnu-tools-for-stm32.9-2020-q2-update.win32_2.0.0.202105311346/tools/bin/../lib/gcc/arm-none-eabi/9.3.1/../../../../arm-none-eabi/lib/thumb/v7e-m+fp/hard\libc_nano.a
LOAD c:/st/stm32cubeide_1.7.0/stm32cubeide/plugins/com.st.stm32cube.ide.mcu.externaltools.gnu-tools-for-stm32.9-2020-q2-update.win32_2.0.0.202105311346/tools/bin/../lib/gcc/arm-none-eabi/9.3.1/../../../../arm-none-eabi/lib/thumb/v7e-m+fp/hard\libnosys.a
END GROUP
START GROUP
LOAD c:/st/stm32cubeide_1.7.0/stm32cubeide/plugins/com.st.stm32cube.ide.mcu.externaltools.gnu-tools-for-stm32.9-2020-q2-update.win32_2.0.0.202105311346/tools/bin/../lib/gcc/arm-none-eabi/9.3.1/thumb/v7e-m+fp/hard\libgcc.a
LOAD c:/st/stm32cubeide_1.7.0/stm32cubeide/plugins/com.st.stm32cube.ide.mcu.externaltools.gnu-tools-for-stm32.9-2020-q2-update.win32_2.0.0.202105311346/tools/bin/../lib/gcc/arm-none-eabi/9.3.1/../../../../arm-none-eabi/lib/thumb/v7e-m+fp/hard\libc_nano.a
LOAD c:/st/stm32cubeide_1.7.0/stm32cubeide/plugins/com.st.stm32cube.ide.mcu.externaltools.gnu-tools-for-stm32.9-2020-q2-update.win32_2.0.0.202105311346/tools/bin/../lib/gcc/arm-none-eabi/9.3.1/../../../../arm-none-eabi/lib/thumb/v7e-m+fp/hard\libnosys.a
END GROUP
LOAD c:/st/stm32cubeide_1.7.0/stm32cubeide/plugins/com.st.stm32cube.ide.mcu.externaltools.gnu-tools-for-stm32.9-2020-q2-update.win32_2.0.0.202105311346/tools/bin/../lib/gcc/arm-none-eabi/9.3.1/thumb/v7e-m+fp/hard/crtend.o
LOAD c:/st/stm32cubeide_1.7.0/stm32cubeide/plugins/com.st.stm32cube.ide.mcu.externaltools.gnu-tools-for-stm32.9-2020-q2-update.win32_2.0.0.202105311346/tools/bin/../lib/gcc/arm-none-eabi/9.3.1/thumb/v7e-m+fp/hard/crtn.o
                0x0000000020010000                _estack = (ORIGIN (RAM) + LENGTH (RAM))
                0x0000000000000200                _Min_Heap_Size = 0x200
                0x0000000000000400                _Min_Stack_Size = 0x400

.isr_vector     0x0000000008000000      0x194
                0x0000000008000000                . = ALIGN (0x4)
 *(.isr_vector)
 .isr_vector    0x0000000008000000      0x194 ./Core/Startup/startup_stm32f401ccux.o
                0x0000000008000000                g_pfnVectors
                0x0000000008000194                . = ALIGN (0x4)

.text           0x0000000008000194      0x5dc
                0x0000000008000194                . = ALIGN (0x4)
 *(.text)
 .text          0x0000000008000194       0x40 c:/st/stm32cubeide_1.7.0/stm32cubeide/plugins/com.st.stm32cube.ide.mcu.externaltools.gnu-tools-for-stm32.9-2020-q2-update.win32_2.0.0.202105311346/tools/bin/../lib/gcc/arm-none-eabi/9.3.1/thumb/v7e-m+fp/hard/crtbegin.o
 *(.text*)
 .text.GPIO_EnableClock
                0x00000000080001d4       0x44 ./Core/Src/GPIO.o
                0x00000000080001d4                GPIO_EnableClock
 .text.GPIO_Init
                0x0000000008000218      0x160 ./Core/Src/GPIO.o
                0x0000000008000218                GPIO_Init
 .text.GPIO_WritePin
                0x0000000008000378       0xf0 ./Core/Src/GPIO.o
                0x0000000008000378                GPIO_WritePin
 .text.GPIO_ReadPin
                0x0000000008000468       0x68 ./Core/Src/GPIO.o
                0x0000000008000468                GPIO_ReadPin
 .text.keypad_init
                0x00000000080004d0       0x64 ./Core/Src/Keypad.o
                0x00000000080004d0                keypad_init
 .text.keypad_manage
                0x0000000008000534       0xc8 ./Core/Src/Keypad.o
                0x0000000008000534                keypad_manage
 .text.keypadCallouts_KeyPressNotification
                0x00000000080005fc       0x8c ./Core/Src/Keypad.o
                0x00000000080005fc                keypadCallouts_KeyPressNotification
 .text.main     0x0000000008000688        0xe ./Core/Src/main.o
                0x0000000008000688                main
 *fill*         0x0000000008000696        0x2 
 .text.SystemInit
                0x0000000008000698       0x24 ./Core/Src/system_stm32f4xx.o
                0x0000000008000698                SystemInit
 .text.Reset_Handler
                0x00000000080006bc       0x50 ./Core/Startup/startup_stm32f401ccux.o
                0x00000000080006bc                Reset_Handler
 .text.Default_Handler
                0x000000000800070c        0x2 ./Core/Startup/startup_stm32f401ccux.o
                0x000000000800070c                RTC_Alarm_IRQHandler
                0x000000000800070c                EXTI2_IRQHandler
                0x000000000800070c                DebugMon_Handler
                0x000000000800070c                SPI4_IRQHandler
                0x000000000800070c                TIM1_CC_IRQHandler
                0x000000000800070c                DMA2_Stream5_IRQHandler
                0x000000000800070c                HardFault_Handler
                0x000000000800070c                DMA1_Stream5_IRQHandler
                0x000000000800070c                SysTick_Handler
                0x000000000800070c                PVD_IRQHandler
                0x000000000800070c                SDIO_IRQHandler
                0x000000000800070c                TAMP_STAMP_IRQHandler
                0x000000000800070c                PendSV_Handler
                0x000000000800070c                NMI_Handler
                0x000000000800070c                EXTI3_IRQHandler
                0x000000000800070c                TIM1_UP_TIM10_IRQHandler
                0x000000000800070c                I2C3_ER_IRQHandler
                0x000000000800070c                EXTI0_IRQHandler
                0x000000000800070c                I2C2_EV_IRQHandler
                0x000000000800070c                DMA1_Stream2_IRQHandler
                0x000000000800070c                FPU_IRQHandler
                0x000000000800070c                UsageFault_Handler
                0x000000000800070c                DMA2_Stream2_IRQHandler
                0x000000000800070c                SPI1_IRQHandler
                0x000000000800070c                TIM1_BRK_TIM9_IRQHandler
                0x000000000800070c                DMA2_Stream3_IRQHandler
                0x000000000800070c                USART6_IRQHandler
                0x000000000800070c                DMA2_Stream0_IRQHandler
                0x000000000800070c                TIM4_IRQHandler
                0x000000000800070c                I2C1_EV_IRQHandler
                0x000000000800070c                DMA1_Stream6_IRQHandler
                0x000000000800070c                DMA1_Stream1_IRQHandler
                0x000000000800070c                TIM3_IRQHandler
                0x000000000800070c                RCC_IRQHandler
                0x000000000800070c                Default_Handler
                0x000000000800070c                EXTI15_10_IRQHandler
                0x000000000800070c                ADC_IRQHandler
                0x000000000800070c                DMA1_Stream7_IRQHandler
                0x000000000800070c                TIM5_IRQHandler
                0x000000000800070c                DMA2_Stream7_IRQHandler
                0x000000000800070c                I2C3_EV_IRQHandler
                0x000000000800070c                EXTI9_5_IRQHandler
                0x000000000800070c                RTC_WKUP_IRQHandler
                0x000000000800070c                SPI2_IRQHandler
                0x000000000800070c                MemManage_Handler
                0x000000000800070c                DMA1_Stream0_IRQHandler
                0x000000000800070c                SVC_Handler
                0x000000000800070c                EXTI4_IRQHandler
                0x000000000800070c                WWDG_IRQHandler
                0x000000000800070c                TIM2_IRQHandler
                0x000000000800070c                OTG_FS_WKUP_IRQHandler
                0x000000000800070c                TIM1_TRG_COM_TIM11_IRQHandler
                0x000000000800070c                EXTI1_IRQHandler
                0x000000000800070c                USART2_IRQHandler
                0x000000000800070c                I2C2_ER_IRQHandler
                0x000000000800070c                DMA2_Stream1_IRQHandler
                0x000000000800070c                FLASH_IRQHandler
                0x000000000800070c                DMA2_Stream4_IRQHandler
                0x000000000800070c                BusFault_Handler
                0x000000000800070c                USART1_IRQHandler
                0x000000000800070c                OTG_FS_IRQHandler
                0x000000000800070c                SPI3_IRQHandler
                0x000000000800070c                DMA1_Stream4_IRQHandler
                0x000000000800070c                I2C1_ER_IRQHandler
                0x000000000800070c                DMA2_Stream6_IRQHandler
                0x000000000800070c                DMA1_Stream3_IRQHandler
 *fill*         0x000000000800070e        0x2 
 .text.__libc_init_array
                0x0000000008000710       0x48 c:/st/stm32cubeide_1.7.0/stm32cubeide/plugins/com.st.stm32cube.ide.mcu.externaltools.gnu-tools-for-stm32.9-2020-q2-update.win32_2.0.0.202105311346/tools/bin/../lib/gcc/arm-none-eabi/9.3.1/../../../../arm-none-eabi/lib/thumb/v7e-m+fp/hard\libc_nano.a(lib_a-init.o)
                0x0000000008000710                __libc_init_array
 *(.glue_7)
 .glue_7        0x0000000008000758        0x0 linker stubs
 *(.glue_7t)
 .glue_7t       0x0000000008000758        0x0 linker stubs
 *(.eh_frame)
 .eh_frame      0x0000000008000758        0x0 c:/st/stm32cubeide_1.7.0/stm32cubeide/plugins/com.st.stm32cube.ide.mcu.externaltools.gnu-tools-for-stm32.9-2020-q2-update.win32_2.0.0.202105311346/tools/bin/../lib/gcc/arm-none-eabi/9.3.1/thumb/v7e-m+fp/hard/crtbegin.o
 *(.init)
 .init          0x0000000008000758        0x4 c:/st/stm32cubeide_1.7.0/stm32cubeide/plugins/com.st.stm32cube.ide.mcu.externaltools.gnu-tools-for-stm32.9-2020-q2-update.win32_2.0.0.202105311346/tools/bin/../lib/gcc/arm-none-eabi/9.3.1/thumb/v7e-m+fp/hard/crti.o
                0x0000000008000758                _init
 .init          0x000000000800075c        0x8 c:/st/stm32cubeide_1.7.0/stm32cubeide/plugins/com.st.stm32cube.ide.mcu.externaltools.gnu-tools-for-stm32.9-2020-q2-update.win32_2.0.0.202105311346/tools/bin/../lib/gcc/arm-none-eabi/9.3.1/thumb/v7e-m+fp/hard/crtn.o
 *(.fini)
 .fini          0x0000000008000764        0x4 c:/st/stm32cubeide_1.7.0/stm32cubeide/plugins/com.st.stm32cube.ide.mcu.externaltools.gnu-tools-for-stm32.9-2020-q2-update.win32_2.0.0.202105311346/tools/bin/../lib/gcc/arm-none-eabi/9.3.1/thumb/v7e-m+fp/hard/crti.o
                0x0000000008000764                _fini
 .fini          0x0000000008000768        0x8 c:/st/stm32cubeide_1.7.0/stm32cubeide/plugins/com.st.stm32cube.ide.mcu.externaltools.gnu-tools-for-stm32.9-2020-q2-update.win32_2.0.0.202105311346/tools/bin/../lib/gcc/arm-none-eabi/9.3.1/thumb/v7e-m+fp/hard/crtn.o
                0x0000000008000770                . = ALIGN (0x4)
                0x0000000008000770                _etext = .

.vfp11_veneer   0x0000000008000770        0x0
 .vfp11_veneer  0x0000000008000770        0x0 linker stubs

.v4_bx          0x0000000008000770        0x0
 .v4_bx         0x0000000008000770        0x0 linker stubs

.iplt           0x0000000008000770        0x0
 .iplt          0x0000000008000770        0x0 c:/st/stm32cubeide_1.7.0/stm32cubeide/plugins/com.st.stm32cube.ide.mcu.externaltools.gnu-tools-for-stm32.9-2020-q2-update.win32_2.0.0.202105311346/tools/bin/../lib/gcc/arm-none-eabi/9.3.1/thumb/v7e-m+fp/hard/crtbegin.o

.rodata         0x0000000008000770        0xc
                0x0000000008000770                . = ALIGN (0x4)
 *(.rodata)
 .rodata        0x0000000008000770        0xa ./Core/Src/Keypad.o
 *(.rodata*)
                0x000000000800077c                . = ALIGN (0x4)
 *fill*         0x000000000800077a        0x2 

.rel.dyn        0x000000000800077c        0x0
 .rel.iplt      0x000000000800077c        0x0 c:/st/stm32cubeide_1.7.0/stm32cubeide/plugins/com.st.stm32cube.ide.mcu.externaltools.gnu-tools-for-stm32.9-2020-q2-update.win32_2.0.0.202105311346/tools/bin/../lib/gcc/arm-none-eabi/9.3.1/thumb/v7e-m+fp/hard/crtbegin.o

.ARM.extab      0x000000000800077c        0x0
                0x000000000800077c                . = ALIGN (0x4)
 *(.ARM.extab* .gnu.linkonce.armextab.*)
                0x000000000800077c                . = ALIGN (0x4)

.ARM            0x000000000800077c        0x0
                0x000000000800077c                . = ALIGN (0x4)
                0x000000000800077c                __exidx_start = .
 *(.ARM.exidx*)
                0x000000000800077c                __exidx_end = .
                0x000000000800077c                . = ALIGN (0x4)

.preinit_array  0x000000000800077c        0x0
                0x000000000800077c                . = ALIGN (0x4)
                0x000000000800077c                PROVIDE (__preinit_array_start = .)
 *(.preinit_array*)
                0x000000000800077c                PROVIDE (__preinit_array_end = .)
                0x000000000800077c                . = ALIGN (0x4)

.init_array     0x000000000800077c        0x4
                0x000000000800077c                . = ALIGN (0x4)
                0x000000000800077c                PROVIDE (__init_array_start = .)
 *(SORT_BY_NAME(.init_array.*))
 *(.init_array*)
 .init_array    0x000000000800077c        0x4 c:/st/stm32cubeide_1.7.0/stm32cubeide/plugins/com.st.stm32cube.ide.mcu.externaltools.gnu-tools-for-stm32.9-2020-q2-update.win32_2.0.0.202105311346/tools/bin/../lib/gcc/arm-none-eabi/9.3.1/thumb/v7e-m+fp/hard/crtbegin.o
                0x0000000008000780                PROVIDE (__init_array_end = .)
                0x0000000008000780                . = ALIGN (0x4)

.fini_array     0x0000000008000780        0x4
                0x0000000008000780                . = ALIGN (0x4)
                [!provide]                        PROVIDE (__fini_array_start = .)
 *(SORT_BY_NAME(.fini_array.*))
 *(.fini_array*)
 .fini_array    0x0000000008000780        0x4 c:/st/stm32cubeide_1.7.0/stm32cubeide/plugins/com.st.stm32cube.ide.mcu.externaltools.gnu-tools-for-stm32.9-2020-q2-update.win32_2.0.0.202105311346/tools/bin/../lib/gcc/arm-none-eabi/9.3.1/thumb/v7e-m+fp/hard/crtbegin.o
                [!provide]                        PROVIDE (__fini_array_end = .)
                0x0000000008000784                . = ALIGN (0x4)
                0x0000000008000784                _sidata = LOADADDR (.data)

.data           0x0000000020000000        0xc load address 0x0000000008000784
                0x0000000020000000                . = ALIGN (0x4)
                0x0000000020000000                _sdata = .
 *(.data)
 *(.data*)
 .data.valuesarr
                0x0000000020000000        0xc ./Core/Src/Keypad.o
                0x0000000020000000                valuesarr
 *(.RamFunc)
 *(.RamFunc*)
                0x000000002000000c                . = ALIGN (0x4)
                0x000000002000000c                _edata = .

.igot.plt       0x000000002000000c        0x0 load address 0x0000000008000790
 .igot.plt      0x000000002000000c        0x0 c:/st/stm32cubeide_1.7.0/stm32cubeide/plugins/com.st.stm32cube.ide.mcu.externaltools.gnu-tools-for-stm32.9-2020-q2-update.win32_2.0.0.202105311346/tools/bin/../lib/gcc/arm-none-eabi/9.3.1/thumb/v7e-m+fp/hard/crtbegin.o
                0x000000002000000c                . = ALIGN (0x4)

.bss            0x000000002000000c       0x20 load address 0x0000000008000790
                0x000000002000000c                _sbss = .
                0x000000002000000c                __bss_start__ = _sbss
 *(.bss)
 .bss           0x000000002000000c       0x1c c:/st/stm32cubeide_1.7.0/stm32cubeide/plugins/com.st.stm32cube.ide.mcu.externaltools.gnu-tools-for-stm32.9-2020-q2-update.win32_2.0.0.202105311346/tools/bin/../lib/gcc/arm-none-eabi/9.3.1/thumb/v7e-m+fp/hard/crtbegin.o
 *(.bss*)
 *(COMMON)
 COMMON         0x0000000020000028        0x1 ./Core/Src/Keypad.o
                0x0000000020000028                key_value
                0x000000002000002c                . = ALIGN (0x4)
 *fill*         0x0000000020000029        0x3 
                0x000000002000002c                _ebss = .
                0x000000002000002c                __bss_end__ = _ebss

._user_heap_stack
                0x000000002000002c      0x604 load address 0x0000000008000790
                0x0000000020000030                . = ALIGN (0x8)
 *fill*         0x000000002000002c        0x4 
                [!provide]                        PROVIDE (end = .)
                [!provide]                        PROVIDE (_end = .)
                0x0000000020000230                . = (. + _Min_Heap_Size)
 *fill*         0x0000000020000030      0x200 
                0x0000000020000630                . = (. + _Min_Stack_Size)
 *fill*         0x0000000020000230      0x400 
                0x0000000020000630                . = ALIGN (0x8)

/DISCARD/
 libc.a(*)
 libm.a(*)
 libgcc.a(*)

.ARM.attributes
                0x0000000000000000       0x30
 *(.ARM.attributes)
 .ARM.attributes
                0x0000000000000000       0x1e c:/st/stm32cubeide_1.7.0/stm32cubeide/plugins/com.st.stm32cube.ide.mcu.externaltools.gnu-tools-for-stm32.9-2020-q2-update.win32_2.0.0.202105311346/tools/bin/../lib/gcc/arm-none-eabi/9.3.1/thumb/v7e-m+fp/hard/crti.o
 .ARM.attributes
                0x000000000000001e       0x34 c:/st/stm32cubeide_1.7.0/stm32cubeide/plugins/com.st.stm32cube.ide.mcu.externaltools.gnu-tools-for-stm32.9-2020-q2-update.win32_2.0.0.202105311346/tools/bin/../lib/gcc/arm-none-eabi/9.3.1/thumb/v7e-m+fp/hard/crtbegin.o
 .ARM.attributes
                0x0000000000000052       0x34 ./Core/Src/GPIO.o
 .ARM.attributes
                0x0000000000000086       0x34 ./Core/Src/Keypad.o
 .ARM.attributes
                0x00000000000000ba       0x34 ./Core/Src/main.o
 .ARM.attributes
                0x00000000000000ee       0x34 ./Core/Src/system_stm32f4xx.o
 .ARM.attributes
                0x0000000000000122       0x21 ./Core/Startup/startup_stm32f401ccux.o
 .ARM.attributes
                0x0000000000000143       0x34 c:/st/stm32cubeide_1.7.0/stm32cubeide/plugins/com.st.stm32cube.ide.mcu.externaltools.gnu-tools-for-stm32.9-2020-q2-update.win32_2.0.0.202105311346/tools/bin/../lib/gcc/arm-none-eabi/9.3.1/../../../../arm-none-eabi/lib/thumb/v7e-m+fp/hard\libc_nano.a(lib_a-init.o)
 .ARM.attributes
                0x0000000000000177       0x1e c:/st/stm32cubeide_1.7.0/stm32cubeide/plugins/com.st.stm32cube.ide.mcu.externaltools.gnu-tools-for-stm32.9-2020-q2-update.win32_2.0.0.202105311346/tools/bin/../lib/gcc/arm-none-eabi/9.3.1/thumb/v7e-m+fp/hard/crtn.o
OUTPUT(Lab5_Keypad.elf elf32-littlearm)
LOAD linker stubs
LOAD c:/st/stm32cubeide_1.7.0/stm32cubeide/plugins/com.st.stm32cube.ide.mcu.externaltools.gnu-tools-for-stm32.9-2020-q2-update.win32_2.0.0.202105311346/tools/bin/../lib/gcc/arm-none-eabi/9.3.1/../../../../arm-none-eabi/lib/thumb/v7e-m+fp/hard\libc.a
LOAD c:/st/stm32cubeide_1.7.0/stm32cubeide/plugins/com.st.stm32cube.ide.mcu.externaltools.gnu-tools-for-stm32.9-2020-q2-update.win32_2.0.0.202105311346/tools/bin/../lib/gcc/arm-none-eabi/9.3.1/../../../../arm-none-eabi/lib/thumb/v7e-m+fp/hard\libm.a
LOAD c:/st/stm32cubeide_1.7.0/stm32cubeide/plugins/com.st.stm32cube.ide.mcu.externaltools.gnu-tools-for-stm32.9-2020-q2-update.win32_2.0.0.202105311346/tools/bin/../lib/gcc/arm-none-eabi/9.3.1/thumb/v7e-m+fp/hard\libgcc.a

.debug_info     0x0000000000000000      0xdf4
 .debug_info    0x0000000000000000      0x4df ./Core/Src/GPIO.o
 .debug_info    0x00000000000004df      0x24e ./Core/Src/Keypad.o
 .debug_info    0x000000000000072d      0x133 ./Core/Src/main.o
 .debug_info    0x0000000000000860      0x572 ./Core/Src/system_stm32f4xx.o
 .debug_info    0x0000000000000dd2       0x22 ./Core/Startup/startup_stm32f401ccux.o

.debug_abbrev   0x0000000000000000      0x42e
 .debug_abbrev  0x0000000000000000      0x138 ./Core/Src/GPIO.o
 .debug_abbrev  0x0000000000000138      0x11d ./Core/Src/Keypad.o
 .debug_abbrev  0x0000000000000255       0x9e ./Core/Src/main.o
 .debug_abbrev  0x00000000000002f3      0x129 ./Core/Src/system_stm32f4xx.o
 .debug_abbrev  0x000000000000041c       0x12 ./Core/Startup/startup_stm32f401ccux.o

.debug_aranges  0x0000000000000000       0xe0
 .debug_aranges
                0x0000000000000000       0x38 ./Core/Src/GPIO.o
 .debug_aranges
                0x0000000000000038       0x38 ./Core/Src/Keypad.o
 .debug_aranges
                0x0000000000000070       0x20 ./Core/Src/main.o
 .debug_aranges
                0x0000000000000090       0x28 ./Core/Src/system_stm32f4xx.o
 .debug_aranges
                0x00000000000000b8       0x28 ./Core/Startup/startup_stm32f401ccux.o

.debug_ranges   0x0000000000000000       0x98
 .debug_ranges  0x0000000000000000       0x28 ./Core/Src/GPIO.o
 .debug_ranges  0x0000000000000028       0x28 ./Core/Src/Keypad.o
 .debug_ranges  0x0000000000000050       0x10 ./Core/Src/main.o
 .debug_ranges  0x0000000000000060       0x18 ./Core/Src/system_stm32f4xx.o
 .debug_ranges  0x0000000000000078       0x20 ./Core/Startup/startup_stm32f401ccux.o

.debug_macro    0x0000000000000000     0xdf7c
 .debug_macro   0x0000000000000000       0xef ./Core/Src/GPIO.o
 .debug_macro   0x00000000000000ef      0xaa2 ./Core/Src/GPIO.o
 .debug_macro   0x0000000000000b91       0x28 ./Core/Src/GPIO.o
 .debug_macro   0x0000000000000bb9       0x22 ./Core/Src/GPIO.o
 .debug_macro   0x0000000000000bdb       0x8e ./Core/Src/GPIO.o
 .debug_macro   0x0000000000000c69       0x51 ./Core/Src/GPIO.o
 .debug_macro   0x0000000000000cba      0x103 ./Core/Src/GPIO.o
 .debug_macro   0x0000000000000dbd       0x6a ./Core/Src/GPIO.o
 .debug_macro   0x0000000000000e27      0x1df ./Core/Src/GPIO.o
 .debug_macro   0x0000000000001006       0x1c ./Core/Src/GPIO.o
 .debug_macro   0x0000000000001022       0x22 ./Core/Src/GPIO.o
 .debug_macro   0x0000000000001044       0xdf ./Core/Src/GPIO.o
 .debug_macro   0x0000000000001123     0x102d ./Core/Src/GPIO.o
 .debug_macro   0x0000000000002150      0x11f ./Core/Src/GPIO.o
 .debug_macro   0x000000000000226f     0xb86c ./Core/Src/GPIO.o
 .debug_macro   0x000000000000dadb       0x46 ./Core/Src/GPIO.o
 .debug_macro   0x000000000000db21      0x136 ./Core/Src/GPIO.o
 .debug_macro   0x000000000000dc57       0xd8 ./Core/Src/Keypad.o
 .debug_macro   0x000000000000dd2f       0xd8 ./Core/Src/main.o
 .debug_macro   0x000000000000de07       0xda ./Core/Src/system_stm32f4xx.o
 .debug_macro   0x000000000000dee1       0x2e ./Core/Src/system_stm32f4xx.o
 .debug_macro   0x000000000000df0f       0x6d ./Core/Src/system_stm32f4xx.o

.debug_line     0x0000000000000000     0x15c6
 .debug_line    0x0000000000000000      0x620 ./Core/Src/GPIO.o
 .debug_line    0x0000000000000620      0x5bf ./Core/Src/Keypad.o
 .debug_line    0x0000000000000bdf      0x46d ./Core/Src/main.o
 .debug_line    0x000000000000104c      0x4f2 ./Core/Src/system_stm32f4xx.o
 .debug_line    0x000000000000153e       0x88 ./Core/Startup/startup_stm32f401ccux.o

.debug_str      0x0000000000000000    0x4fe3b
 .debug_str     0x0000000000000000    0x4f4d0 ./Core/Src/GPIO.o
                                      0x4f649 (size before relaxing)
 .debug_str     0x000000000004f4d0       0xb2 ./Core/Src/Keypad.o
                                      0x4efad (size before relaxing)
 .debug_str     0x000000000004f582       0x6c ./Core/Src/main.o
                                      0x4ef32 (size before relaxing)
 .debug_str     0x000000000004f5ee      0x817 ./Core/Src/system_stm32f4xx.o
                                      0x4f6cc (size before relaxing)
 .debug_str     0x000000000004fe05       0x36 ./Core/Startup/startup_stm32f401ccux.o
                                         0x75 (size before relaxing)

.comment        0x0000000000000000       0x53
 .comment       0x0000000000000000       0x53 ./Core/Src/GPIO.o
                                         0x54 (size before relaxing)
 .comment       0x0000000000000053       0x54 ./Core/Src/Keypad.o
 .comment       0x0000000000000053       0x54 ./Core/Src/main.o
 .comment       0x0000000000000053       0x54 ./Core/Src/system_stm32f4xx.o

.debug_frame    0x0000000000000000      0x200
 .debug_frame   0x0000000000000000       0xb4 ./Core/Src/GPIO.o
 .debug_frame   0x00000000000000b4       0x9c ./Core/Src/Keypad.o
 .debug_frame   0x0000000000000150       0x2c ./Core/Src/main.o
 .debug_frame   0x000000000000017c       0x58 ./Core/Src/system_stm32f4xx.o
 .debug_frame   0x00000000000001d4       0x2c c:/st/stm32cubeide_1.7.0/stm32cubeide/plugins/com.st.stm32cube.ide.mcu.externaltools.gnu-tools-for-stm32.9-2020-q2-update.win32_2.0.0.202105311346/tools/bin/../lib/gcc/arm-none-eabi/9.3.1/../../../../arm-none-eabi/lib/thumb/v7e-m+fp/hard\libc_nano.a(lib_a-init.o)
